gitPS C:\Users\admin\OneDrive\Desktop\github> git clone https://github.com/chandrucns911/Myfirstgitrepo.git
Cloning into 'Myfirstgitrepo'...
remote: Enumerating objects: 6, done.
remote: Counting objects: 100% (6/6), done.
remote: Compressing objects: 100% (2/2), done.
remote: Total 6 (delta 0), reused 0 (delta 0), pack-reused 0
Receiving objects: 100% (6/6), done.
PS C:\Users\admin\OneDrive\Desktop\github> cd .\Myfirstgitrepo
PS C:\Users\admin\OneDrive\Desktop\github\Myfirstgitrepo> git status
On branch main
Your branch is up to date with 'origin/main'.

Untracked files:
  (use "git add <file>..." to include in what will be committed)
        new2.txt

nothing added to commit but untracked files present (use "git add" to track)
PS C:\Users\admin\OneDrive\Desktop\github\Myfirstgitrepo> git add new2.txt
PS C:\Users\admin\OneDrive\Desktop\github\Myfirstgitrepo> git status       
On branch main
Your branch is up to date with 'origin/main'.

Changes to be committed:
  (use "git restore --staged <file>..." to unstage)
        new file:   new2.txt
PS C:\Users\admin\OneDrive\Desktop\github\Myfirstgitrepo> git commit -m "new2.txt file added" 
[main 2120b10] new2.txt file added
 1 file changed, 0 insertions(+), 0 deletions(-)
 create mode 100644 new2.txt
PS C:\Users\admin\OneDrive\Desktop\github\Myfirstgitrepo> git push origin main
info: please complete authentication in your browser...
To https://github.com/chandrucns911/Myfirstgitrepo.git
 ! [rejected]        main -> main (fetch first)
error: failed to push some refs to 'https://github.com/chandrucns911/Myfirstgitrepo.git'
hint: Updates were rejected because the remote contains work that you do not
hint: have locally. This is usually caused by another repository pushing to
hint: the same ref. If you want to integrate the remote changes, use
hint: 'git pull' before pushing again.
hint: See the 'Note about fast-forwards' in 'git push --help' for details.
PS C:\Users\admin\OneDrive\Desktop\github\Myfirstgitrepo> git push origin main
To https://github.com/chandrucns911/Myfirstgitrepo.git
 ! [rejected]        main -> main (fetch first)
error: failed to push some refs to 'https://github.com/chandrucns911/Myfirstgitrepo.git'
hint: Updates were rejected because the remote contains work that you do not
hint: have locally. This is usually caused by another repository pushing to
hint: the same ref. If you want to integrate the remote changes, use
hint: 'git pull' before pushing again.
hint: See the 'Note about fast-forwards' in 'git push --help' for details.
PS C:\Users\admin\OneDrive\Desktop\github\Myfirstgitrepo> git pull
remote: Enumerating objects: 5, done.
remote: Counting objects: 100% (5/5), done.
remote: Compressing objects: 100% (2/2), done.
remote: Total 3 (delta 0), reused 0 (delta 0), pack-reused 0
Unpacking objects: 100% (3/3), 1.77 KiB | 72.00 KiB/s, done.
From https://github.com/chandrucns911/Myfirstgitrepo
   ce2e1bf..8ea667f  main       -> origin/main
Merge made by the 'ort' strategy.
 new.txt | 71 +++++++++++++++++++++++++++++++++++++++++++++++++++++++++++++++++
 1 file changed, 71 insertions(+)
PS C:\Users\admin\OneDrive\Desktop\github\Myfirstgitrepo> git push origin main
Enumerating objects: 7, done.
Counting objects: 100% (7/7), done.
Delta compression using up to 4 threads
Compressing objects: 100% (4/4), done.
Writing objects: 100% (5/5), 564 bytes | 282.00 KiB/s, done.
Total 5 (delta 0), reused 0 (delta 0), pack-reused 0
To https://github.com/chandrucns911/Myfirstgitrepo.git
   8ea667f..1e001e8  main -> main
PS C:\Users\admin\OneDrive\Desktop\github\Myfirstgitrepo> git push origin main
Everything up-to-date
PS C:\Users\admin\OneDrive\Desktop\github\Myfirstgitrepo> git status       
On branch main
Your branch is up to date with 'origin/main'.

Changes not staged for commit:
  (use "git add <file>..." to update what will be committed)
  (use "git restore <file>..." to discard changes in working directory)
        modified:   new2.txt

no changes added to commit (use "git add" and/or "git commit -a")
PS C:\Users\admin\OneDrive\Desktop\github\Myfirstgitrepo> git add new3.txt 
fatal: pathspec 'new3.txt' did not match any files
PS C:\Users\admin\OneDrive\Desktop\github\Myfirstgitrepo> git status       
On branch main
Your branch is up to date with 'origin/main'.

Changes not staged for commit:
  (use "git add <file>..." to update what will be committed)
  (use "git restore <file>..." to discard changes in working directory)
        modified:   new2.txt

Untracked files:
  (use "git add <file>..." to include in what will be committed)
        new3.txt

no changes added to commit (use "git add" and/or "git commit -a")
PS C:\Users\admin\OneDrive\Desktop\github\Myfirstgitrepo> git add new3.txt
PS C:\Users\admin\OneDrive\Desktop\github\Myfirstgitrepo> git commit -m "new2.txt file added"
[main da4f4af] new2.txt file added
 1 file changed, 0 insertions(+), 0 deletions(-)
 create mode 100644 new3.txt
PS C:\Users\admin\OneDrive\Desktop\github\Myfirstgitrepo> git commit -m "new3.txt file added" 
On branch main
Your branch is ahead of 'origin/main' by 1 commit.
  (use "git push" to publish your local commits)

Changes not staged for commit:
  (use "git add <file>..." to update what will be committed)
  (use "git restore <file>..." to discard changes in working directory)
        modified:   new2.txt

no changes added to commit (use "git add" and/or "git commit -a")
PS C:\Users\admin\OneDrive\Desktop\github\Myfirstgitrepo> git status       
On branch main
Your branch is ahead of 'origin/main' by 1 commit.
  (use "git push" to publish your local commits)

Changes not staged for commit:
  (use "git add <file>..." to update what will be committed)
  (use "git restore <file>..." to discard changes in working directory)
        modified:   new2.txt

no changes added to commit (use "git add" and/or "git commit -a")
PS C:\Users\admin\OneDrive\Desktop\github\Myfirstgitrepo> git push origin main
Enumerating objects: 3, done.
Counting objects: 100% (3/3), done.
Delta compression using up to 4 threads
Compressing objects: 100% (2/2), done.
Writing objects: 100% (2/2), 269 bytes | 269.00 KiB/s, done.
Total 2 (delta 0), reused 0 (delta 0), pack-reused 0
To https://github.com/chandrucns911/Myfirstgitrepo.git
   1e001e8..da4f4af  main -> main
PS C:\Users\admin\OneDrive\Desktop\github\Myfirstgitrepo> git commit -m "modified new2.txt"   
On branch main
Your branch is up to date with 'origin/main'.

Changes not staged for commit:
  (use "git add <file>..." to update what will be committed)
  (use "git restore <file>..." to discard changes in working directory)
        modified:   new2.txt

no changes added to commit (use "git add" and/or "git commit -a")
PS C:\Users\admin\OneDrive\Desktop\github\Myfirstgitrepo> git commit -m "Modified new2 file" 
On branch main
Your branch is up to date with 'origin/main'.

Changes not staged for commit:
  (use "git add <file>..." to update what will be committed)
  (use "git restore <file>..." to discard changes in working directory)
        modified:   new2.txt

no changes added to commit (use "git add" and/or "git commit -a")
PS C:\Users\admin\OneDrive\Desktop\github\Myfirstgitrepo> git add new2.txt 
PS C:\Users\admin\OneDrive\Desktop\github\Myfirstgitrepo> git commit -m "Modified new2 file"
[main 79700ff] Modified new2 file
 1 file changed, 1 insertion(+)
PS C:\Users\admin\OneDrive\Desktop\github\Myfirstgitrepo> git push origin main               
Enumerating objects: 5, done.
Counting objects: 100% (5/5), done.
Delta compression using up to 4 threads
Compressing objects: 100% (2/2), done.
Writing objects: 100% (3/3), 307 bytes | 307.00 KiB/s, donTotal 3 (delta 0), reused 0 (delta 0), pack-reused 0      
To https://github.com/chandrucns911/Myfirstgitrepo.git    
   da4f4af..79700ff  main -> main
PS C:\Users\admin\OneDrive\Desktop\github\Myfirstgitrepo> git status
On branch main
Your branch is up to date with 'origin/main'.

Changes not staged for commit:
  (use "git add/rm <file>..." to update what will be committed)
  (use "git restore <file>..." to discard changes in working directory)
        deleted:    new3.txt

no changes added to commit (use "git add" and/or "git commit -a")
PS C:\Users\admin\OneDrive\Desktop\github\Myfirstgitrepo> 
git add new3.txt
PS C:\Users\admin\OneDrive\Desktop\github\Myfirstgitrepo>git commit -m "deleted new3.txt file"                      
[main 9111e10] deleted new3.txt file
 1 file changed, 0 insertions(+), 0 deletions(-)
 delete mode 100644 new3.txt
PS C:\Users\admin\OneDrive\Desktop\github\Myfirstgitrepo>git push origin main
Enumerating objects: 3, done.
Counting objects: 100% (3/3), done.
Delta compression using up to 4 threads
Compressing objects: 100% (2/2), done.
To https://github.com/chandrucns911/Myfirstgitrepo.git
   79700ff..9111e10  main -> main
PS C:\Users\admin\OneDrive\Desktop\github\Myfirstgitrepo> To https://github.com/chandrucns911/Myfirstgitrepo.git    
   79700ff..9111e10  main -> main
PS C:\Users\admin\OneDrive\Desktop\github\Myfirstgitrepo> git pull
remote: Enumerating objects: 4, done.
remote: Counting objects: 100% (4/4), done.
remote: Compressing objects: 100% (2/2), done.
remote: Total 3 (delta 0), reused 0 (delta 0), pack-reused 0
Unpacking objects: 100% (3/3), 695 bytes | 28.00 KiB/s, done.
From https://github.com/chandrucns911/Myfirstgitrepo      
   9111e10..ef130cf  main       -> origin/main
Updating 9111e10..ef130cf
Fast-forward
 dummy.txt | 1 +
 1 file changed, 1 insertion(+)
 create mode 100644 dummy.txt
PS C:\Users\admin\OneDrive\Desktop\github\Myfirstgitrepo>c
d ..
PS C:\Users\admin\OneDrive\Desktop\github> cd .\Mysecondrepo
PS C:\Users\admin\OneDrive\Desktop\github\Mysecondrepo> gi
t init
Initialized empty Git repository in C:/Users/admin/OneDrive/Desktop/github/Mysecondrepo/.git/
PS C:\Users\admin\OneDrive\Desktop\github\Mysecondrepo> git status       
On branch master

No commits yet

Untracked files:
  (use "git add <file>..." to include in what will be committed)
        index.html

nothing added to commit but untracked files present (use "git add" to track)
PS C:\Users\admin\OneDrive\Desktop\github\Mysecondrepo> gi
t add .
PS C:\Users\admin\OneDrive\Desktop\github\Mysecondrepo> git status
On branch master

No commits yet

Changes to be committed:
  (use "git rm --cached <file>..." to unstage)
        new file:   index.html
        new file:   style.css

PS C:\Users\admin\OneDrive\Desktop\github\Mysecondrepo> git commit -m "create inded.html and sytle.css" 
[master (root-commit) 0e88185] create inded.html and sytle.css
 2 files changed, 0 insertions(+), 0 deletions(-)
 create mode 100644 index.html
 create mode 100644 style.css
PS C:\Users\admin\OneDrive\Desktop\github\Mysecondrepo> git push origin main
error: src refspec main does not match any
error: failed to push some refs to 'origin'
PS C:\Users\admin\OneDrive\Desktop\github\Mysecondrepo> git remote add origin https://github.com/chandrucns911/Mysecondrepo.git
PS C:\Users\admin\OneDrive\Desktop\github\Mysecondrepo> gi
t branch
* master
PS C:\Users\admin\OneDrive\Desktop\github\Mysecondrepo> gi
t push origin main 
error: src refspec main does not match any
error: failed to push some refs to 'https://github.com/chandrucns911/Mysecondrepo.git'
PS C:\Users\admin\OneDrive\Desktop\github\Mysecondrepo> gi
t  branch -M main   
PS C:\Users\admin\OneDrive\Desktop\github\Mysecondrepo> gin branch                                                  

PS C:\Users\admin\OneDrive\Desktop\github\Mysecondrepo> git branch
* main
PS C:\Users\admin\OneDrive\Desktop\github\Mysecondrepo> git push origin main                                        
Enumerating objects: 3, done.
Counting objects: 100% (3/3), done.
Delta compression using up to 4 threads
Compressing objects: 100% (2/2), done.
Writing objects: 100% (3/3), 240 bytes | 120.00 KiB/s, done.
Total 3 (delta 0), reused 0 (delta 0), pack-reused 0      
To https://github.com/chandrucns911/Mysecondrepo.git
 * [new branch]      main -> main
PS C:\Users\admin\OneDrive\Desktop\github\Mysecondrepo> gi
t status
On branch main
Untracked files:
  (use "git add <file>..." to include in what will be committed)
        text1.txt

nothing added to commit but untracked files present (use "git add" to track)
PS C:\Users\admin\OneDrive\Desktop\github\Mysecondrepo> git push origin main
Everything up-to-date
PS C:\Users\admin\OneDrive\Desktop\github\Mysecondrepo> git branch
* main
PS C:\Users\admin\OneDrive\Desktop\github\Mysecondrepo> git status
On branch main
Untracked files:
PS C:\Users\admin\OneDrive\Desktop\github\Mysecondrepo> git add text1.txt
PS C:\Users\admin\OneDrive\Desktop\github\Mysecondrepo> git commit -m "text1.txt file added"
[main d93de7d] text1.txt file added
 1 file changed, 0 insertions(+), 0 deletions(-)
 create mode 100644 text1.txt
PS C:\Users\admin\OneDrive\Desktop\github\Mysecondrepo> git push origin main
Enumerating objects: 3, done.
Counting objects: 100% (3/3), done.
Delta compression using up to 4 threads
Compressing objects: 100% (2/2), done.
Writing objects: 100% (2/2), 266 bytes | 266.00 KiB/s, done.
Total 2 (delta 0), reused 0 (delta 0), pack-reused 0
To https://github.com/chandrucns911/Mysecondrepo.git
   0e88185..d93de7d  main -> main
PS C:\Users\admin\OneDrive\Desktop\github\Mysecondrepo>



